



   Amsterdam Distributie Centru                                    I N V O I C E
   Keizersgracht 100
   1234 AB Amsterdam                            Invoice: 10010     Revision:   0
   Netherlands                             Invoice Date: 04/20/07      Page:   1
                                             Print Date: 04/20/07


       Bill To: 001                          Sold To: 001

       PEI Computers Ltd.                    PEI Computers Ltd.
       37 Atlantic Road                      37 Atlantic Road
       Avonlea  P5A W2D                      Avonlea  P5A W2D
       United States of America              United States of America






   Sales Order: 1024                         Ship Date: 04/20/07
    Order Date: 04/20/07                Purchase Order:
Salesperson(s): NONE                           Ship-To: 001
                                              Ship Via: AIR
  Credit Terms: 2/10-30                            BOL: TR071002EXP
                2% DISCOUNT IN 10;DUE 30     FOB Point:
        Resale:
       Remarks:



Item Number        UM    Shipped  Backorder Tax           Price        Ext Price
------------------ -- ---------- ---------- --- --------------- ----------------
09-0001            EA        8.0        0.0 yes            5.00            40.00
  PACKAGING BLISTER SEAL   






--------------------------------------------------------------------------------

Non-Taxable: 0.00              Currency: USD     Line Total:            40.00
    Taxable: 40.00                        0.00%    Discount:             0.00
   Tax Date: 04/20/07                     TAX-FREIGHT   11 :             0.00
                                          TAX-SERVICE   21 :             0.00
                                          TAX-SPECIAL   31 :             0.00
                                                  Total Tax:             4.80
                                                      Total:            44.80
