lvlvdrp.p                                     36.16.10.13 Detailed License Violation Rpt                              Date: 11/12/07
Page:    1                                                    E-STEERING                                              Time: 16:05:05

Application: Consignment Inventory               Version: eB2      License type: Named

Violation Violation Violation             User     User                           Session          Total Licensed    Appln
Date      Time      Type                  ID       Name                           ID               Count    Count Usage(%)
--------- --------- --------------------- -------- ------------------------------ ---------------- ----- -------- --------
10/18/07  11:16:09  Application Usage     mfg      Default User                   TMP292               0       50        0
ERROR: User not authorized to run this application CONSIGNMENT.      


Application: Logistics Accounting                Version: eB2      License type: Location

Violation Violation Violation             User     User                           Session          Total Licensed    Appln
Date      Time      Type                  ID       Name                           ID               Count    Count Usage(%)
--------- --------- --------------------- -------- ------------------------------ ---------------- ----- -------- --------
03/09/07  16:31:48  License Count         mfg      Default User                   TMP178               3        3      100
WARNING: Licensed Location limit exceeded: PRIMARY.                  

03/09/07  16:31:48  License Count         mfg      Default User                   TMP178               3        3      100
WARNING: Licensed Location limit exceeded: f.                        


Application: Service and Support                 Version: eB2      License type: Named

Violation Violation Violation             User     User                           Session          Total Licensed    Appln
Date      Time      Type                  ID       Name                           ID               Count    Count Usage(%)
--------- --------- --------------------- -------- ------------------------------ ---------------- ----- -------- --------
03/21/07  11:32:25  Application Usage     mfg      Default User                   TMP209               0      300        0
ERROR: User not authorized to run this application SSM.              

03/21/07  11:33:20  Application Usage     ch       ch                             TMP210               0      300        0
ERROR: User not authorized to run this application SSM.              



                                                           End of Report
lvlvdrp.p                                     36.16.10.13 Detailed License Violation Rpt                              Date: 11/12/07
Page:    2                                                    E-STEERING                                              Time: 16:05:05




Report Criteria:                        Report Submitted By:       mfg

          Application:                               To: 
                 Date:                               To: 
                 User:                               To: 
    Type of Violation:          1 - Date Expiry
                                2 - Application Usage
                                3 - License Count
                                4 - Non-Licensed Product       Output: window
                                                             Batch ID: `: