nrsqmt.p                      36.2.21.1 号码范围维护                  12/03/29
+--------------------------------- 排序主记录 ---------------------------------+
|            序号 ID: xxboxpar                                                 |
|              描述 : 包装箱号自动产生                                         |
|         目标数据集: xxbox_par                                                |
|               内部: Yes                                                      |
|           允许放弃: Yes                           生效日期: 12/03/27         |
|           允许作废: Yes                           到期日期:                  |
+------------------------------------------------------------------------------+
+----------------------------------- 区段表 -----------------------------------+
|  号 类型     设置                                         控制               |
| --- -------- -------------------------------------------- --------           |
|   1 FIXED    BOX                                                             |
|   2 DATE     YM (YYMM)                                    no                 |
|   3 INT      0000001,9999999,0000001,0000001                                 |
|                                                                              |
+------------------------------------------------------------------------------+
